2026-02-02 19:49:36,827 - INFO - Logging initialized: Info -> logs/run_info.log | Debug -> logs/run_debug.log
2026-02-02 19:49:36,828 - INFO - Results will be saved to: results
2026-02-02 19:49:36,828 - INFO - [Phase 1] Parsing Abstracts from data/cit-HepTh-abstracts (Jobs: 4)...
2026-02-02 19:49:36,828 - INFO - Scanning abstracts in data/cit-HepTh-abstracts...
2026-02-02 19:49:36,856 - INFO - Found 29555 abstract files. Parsing in parallel...
2026-02-02 19:49:38,216 - INFO - Parsed 29555 papers successfully.
2026-02-02 19:49:38,217 - INFO - [Phase 2] Building Networks...
2026-02-02 19:49:38,218 - INFO - Building Author Networks...
2026-02-02 19:49:38,245 - INFO - Co-authorship matrix shape: (8814, 8814) with 38388 edges
2026-02-02 19:49:38,359 - INFO - Processing citation edges (Vectorized)...
2026-02-02 19:49:38,703 - INFO - Constructing Citation Graph from 201184 unique weighted edges...
2026-02-02 19:49:38,919 - INFO - [Phase 3] Aligning Network Layers...
2026-02-02 19:49:39,223 - INFO -   Original Nodes: 8814
2026-02-02 19:49:39,223 - INFO -   Intersection Nodes: 5800
2026-02-02 19:49:39,223 - INFO -   Final Analysis Set (GCC): 4658 authors
2026-02-02 19:49:39,223 - INFO - [Phase 4] Running Structural & Physics Analysis...
2026-02-02 19:49:39,223 - INFO - --- Global Graph Metrics ---
2026-02-02 19:49:39,299 - INFO - Nodes: 4658, Edges: 13757
2026-02-02 19:49:39,299 - INFO - Edge Density: 0.001268
2026-02-02 19:49:39,299 - INFO - Global Clustering Coeff (Transitivity): 0.1945
2026-02-02 19:49:39,299 - INFO - Average Clustering Coefficient: 0.4370
2026-02-02 19:49:39,299 - INFO - --- Centrality Analysis ---
2026-02-02 19:49:39,300 - INFO - Most Collaborative (High Degree):
2026-02-02 19:49:39,300 - INFO -   - C. Vafa: 59 co-authors
2026-02-02 19:49:39,300 - INFO -   - S. Ferrara: 56 co-authors
2026-02-02 19:49:39,300 - INFO -   - G. Gibbons: 53 co-authors
2026-02-02 19:49:39,300 - INFO -   - A. Strominger: 52 co-authors
2026-02-02 19:49:39,300 - INFO -   - M. Douglas: 51 co-authors
2026-02-02 19:49:39,328 - INFO - Most Influential (High Citations):
2026-02-02 19:49:39,328 - INFO -   - E. Witten: 19721.0 citations
2026-02-02 19:49:39,328 - INFO -   - N. Seiberg: 10517.0 citations
2026-02-02 19:49:39,329 - INFO -   - C. Vafa: 9471.0 citations
2026-02-02 19:49:39,329 - INFO -   - A. Strominger: 7101.0 citations
2026-02-02 19:49:39,329 - INFO -   - P. Townsend: 6662.0 citations
2026-02-02 19:49:39,329 - INFO - Calculating Betweenness Centrality (this may take a moment)...
2026-02-02 19:49:47,866 - INFO - Top Bridges (High Betweenness):
2026-02-02 19:49:47,867 - INFO -   - P. Townsend: 0.0828
2026-02-02 19:49:47,867 - INFO -   - R. Szabo: 0.0667
2026-02-02 19:49:47,867 - INFO -   - S. Ferrara: 0.0632
2026-02-02 19:49:47,867 - INFO -   - S. Odintsov: 0.0604
2026-02-02 19:49:47,867 - INFO -   - I. Kogan: 0.0578
2026-02-02 19:49:47,867 - INFO - --- Weighted Strength Analysis (Social-Layer) ---
2026-02-02 19:49:48,310 - INFO -   Fit exponent (beta): 1.1311
2026-02-02 19:49:48,310 - INFO -   -> Super-linear (beta > 1): Hubs work harder/more intensely.
2026-02-02 19:49:48,884 - INFO - --- Heavy-Tail Distribution Analysis (Social-Layer) ---
2026-02-02 19:49:48,930 - INFO -   Power Law Alpha: 2.9325
2026-02-02 19:49:48,930 - INFO -   Xmin (Cutoff):   9.0
2026-02-02 19:49:48,933 - INFO - [Physics Interpretation]
2026-02-02 19:49:48,933 - INFO -   -> Verdict: The distribution is HEAVY-TAILED.
2026-02-02 19:49:48,933 - INFO -   -> Physical Meaning: The network is dominated by 'Hubs' (Super-Connectors).
2026-02-02 19:49:49,022 - INFO - --- Spectral Analysis (Laplacian & Entropy) ---
2026-02-02 19:50:26,014 - INFO -   Average Path Length (L): 2.95
2026-02-02 19:50:26,014 - INFO -   Computing Normalized Laplacian Matrix...
2026-02-02 19:50:26,026 - INFO -   Calculating Eigenvalues...
2026-02-02 19:50:26,026 - INFO -   (Graph large: approximating spectral density with k=100)
2026-02-02 19:50:26,573 - INFO - Spectral Metrics:
2026-02-02 19:50:26,573 - INFO -   Algebraic Connectivity (lambda_2): 0.009580
2026-02-02 19:50:26,573 - INFO -   Diffusion Time (tau): approx 104.39 steps
2026-02-02 19:50:26,573 - INFO -   Von Neumann Entropy (S): 4.4959 (Max: 8.4463)
2026-02-02 19:50:26,614 - INFO - --- Robustness & Perturbation Analysis ---
2026-02-02 19:50:26,614 - INFO -   Simulating removal of 20% nodes...
2026-02-02 19:50:26,614 - INFO -   Optimization: Computing GCC every 18 removals.
2026-02-02 19:50:26,826 - INFO - --- Null Model Comparison ---
2026-02-02 19:50:31,097 - INFO -   Real Clustering: 0.4370
2026-02-02 19:50:31,097 - INFO -   Null Model <C>:  0.0041
2026-02-02 19:50:31,097 - INFO -   Z-Score:         673.05
2026-02-02 19:50:31,131 - INFO - --- Cross-Layer Path Analysis ---
2026-02-02 19:56:51,399 - INFO - Analyzed 188726 valid pairs connected in Citation layer.
2026-02-02 19:56:51,400 - INFO - Average Co-authorship distance for these pairs: 1.39
2026-02-02 19:56:51,600 - INFO - --- Multiplex Correlation Analysis ---
2026-02-02 19:57:00,459 - INFO -   Spearman Correlation: 0.5751 (p=0.0000e+00)
2026-02-02 19:57:00,675 - INFO - [Phase 5] Detecting Communities & Topics (Jobs: {args.jobs})...
2026-02-02 19:57:00,675 - INFO - Starting Robust Community Detection & Stability Analysis...
2026-02-02 19:57:00,733 - INFO - Running Louvain 5 times (Parallel n_jobs=4)...
2026-02-02 19:57:02,886 - INFO - Stability Results:
2026-02-02 19:57:02,886 - INFO -   Average Modularity (Q): 0.7732
2026-02-02 19:57:02,886 - INFO -   Stability (Avg ARI):    0.6191
2026-02-02 19:57:02,886 - INFO -   -> Strong community structure found (Q > 0.4).
2026-02-02 19:57:03,722 - INFO - --- Top Topics per Community ---
2026-02-02 19:57:03,722 - INFO - Community 4 (Size: 386): throats, spencer, doubleton, quivers, millimeter, mssm, ext, enhancon
2026-02-02 19:57:03,722 - INFO - Community 33 (Size: 242): anholonomic, csm, antibrackets, ng, alc, smilga, sec, wdvv
2026-02-02 19:57:03,723 - INFO - Community 1 (Size: 213): bailey, ferroelectric, spinon, andrews, zelevinsky, rogers, ramanujan, forrester
2026-02-02 19:57:03,723 - INFO - Community 6 (Size: 197): bft, lf, reflexive, ng, ohmic, greybody, superradiant, stuckelberg
2026-02-02 19:57:03,723 - INFO - Community 3 (Size: 190): billiard, ddf, helicities, nlie, leibbrandt, borcherds, isomonodromic, cuts
2026-02-02 19:57:03,724 - INFO - [Phase 6] Generating Interactive Map...
2026-02-02 19:57:03,724 - INFO - --- Projecting Interactive Topological Map ---
2026-02-02 19:57:03,725 - INFO -   Rendering subgraph with 500 nodes (Top Hubs)...
2026-02-02 19:57:03,941 - INFO -   Success! Interactive map saved to: results/interactive_map.html
2026-02-02 19:57:03,941 - INFO - Done! All results saved to: results
